--------------------------------------------------------------------------------
Release 14.7 Trace  (nt)
Copyright (c) 1995-2013 Xilinx, Inc.  All rights reserved.

C:\Xilinx\14.7\ISE_DS\ISE\bin\nt\unwrapped\trce.exe -intstyle ise -v 3 -s 2 -n
3 -fastpaths -xml digits_to_segments.twx digits_to_segments.ncd -o
digits_to_segments.twr digits_to_segments.pcf

Design file:              digits_to_segments.ncd
Physical constraint file: digits_to_segments.pcf
Device,package,speed:     xc6slx16,csg324,C,-2 (PRODUCTION 1.23 2013-10-13)
Report level:             verbose report

Environment Variable      Effect 
--------------------      ------ 
NONE                      No environment variables were set
--------------------------------------------------------------------------------

INFO:Timing:2698 - No timing constraints found, doing default enumeration.
INFO:Timing:3412 - To improve timing, see the Timing Closure User Guide (UG612).
INFO:Timing:2752 - To get complete path coverage, use the unconstrained paths 
   option. All paths that are not constrained will be reported in the 
   unconstrained paths section(s) of the report.
INFO:Timing:3339 - The clock-to-out numbers in this timing report are based on 
   a 50 Ohm transmission line loading model.  For the details of this model, 
   and for more information on accounting for different loading conditions, 
   please see the device datasheet.



Data Sheet report:
-----------------
All values displayed in nanoseconds (ns)

Pad to Pad
---------------+-----------------+---------+
Source Pad     |Destination Pad  |  Delay  |
---------------+-----------------+---------+
hundreds<0>    |hundreds_segs<0> |    8.713|
hundreds<0>    |hundreds_segs<1> |    8.902|
hundreds<0>    |hundreds_segs<2> |    9.513|
hundreds<0>    |hundreds_segs<3> |    9.250|
hundreds<0>    |hundreds_segs<4> |    9.081|
hundreds<0>    |hundreds_segs<5> |    9.051|
hundreds<0>    |hundreds_segs<6> |    9.468|
hundreds<1>    |hundreds_segs<0> |    8.414|
hundreds<1>    |hundreds_segs<1> |    8.902|
hundreds<1>    |hundreds_segs<2> |    8.703|
hundreds<1>    |hundreds_segs<3> |    9.250|
hundreds<1>    |hundreds_segs<4> |    8.672|
hundreds<1>    |hundreds_segs<5> |    8.752|
hundreds<1>    |hundreds_segs<6> |    8.658|
hundreds<2>    |hundreds_segs<0> |    8.276|
hundreds<2>    |hundreds_segs<1> |    8.977|
hundreds<2>    |hundreds_segs<2> |    8.989|
hundreds<2>    |hundreds_segs<3> |    9.325|
hundreds<2>    |hundreds_segs<4> |    8.687|
hundreds<2>    |hundreds_segs<5> |    8.614|
hundreds<2>    |hundreds_segs<6> |    8.944|
hundreds<3>    |hundreds_segs<0> |    8.219|
hundreds<3>    |hundreds_segs<1> |    8.635|
hundreds<3>    |hundreds_segs<2> |    8.787|
hundreds<3>    |hundreds_segs<3> |    8.983|
hundreds<3>    |hundreds_segs<4> |    8.919|
hundreds<3>    |hundreds_segs<5> |    8.557|
hundreds<3>    |hundreds_segs<6> |    8.742|
ones<0>        |ones_segs<0>     |    8.625|
ones<0>        |ones_segs<1>     |    8.957|
ones<0>        |ones_segs<2>     |    9.420|
ones<0>        |ones_segs<3>     |    9.071|
ones<0>        |ones_segs<4>     |    8.277|
ones<0>        |ones_segs<5>     |    8.171|
ones<0>        |ones_segs<6>     |    8.885|
ones<1>        |ones_segs<0>     |    8.876|
ones<1>        |ones_segs<1>     |    8.414|
ones<1>        |ones_segs<2>     |    8.832|
ones<1>        |ones_segs<3>     |    8.528|
ones<1>        |ones_segs<4>     |    8.206|
ones<1>        |ones_segs<5>     |    8.422|
ones<1>        |ones_segs<6>     |    8.297|
ones<2>        |ones_segs<0>     |    8.995|
ones<2>        |ones_segs<1>     |    8.571|
ones<2>        |ones_segs<2>     |    8.993|
ones<2>        |ones_segs<3>     |    8.685|
ones<2>        |ones_segs<4>     |    8.701|
ones<2>        |ones_segs<5>     |    8.541|
ones<2>        |ones_segs<6>     |    8.458|
ones<3>        |ones_segs<0>     |    8.658|
ones<3>        |ones_segs<1>     |    9.143|
ones<3>        |ones_segs<2>     |    9.065|
ones<3>        |ones_segs<3>     |    9.257|
ones<3>        |ones_segs<4>     |    8.403|
ones<3>        |ones_segs<5>     |    8.204|
ones<3>        |ones_segs<6>     |    8.530|
tens<0>        |tens_segs<0>     |    9.096|
tens<0>        |tens_segs<1>     |    9.157|
tens<0>        |tens_segs<2>     |    9.359|
tens<0>        |tens_segs<3>     |    9.276|
tens<0>        |tens_segs<4>     |    9.604|
tens<0>        |tens_segs<5>     |    9.252|
tens<0>        |tens_segs<6>     |    9.701|
tens<1>        |tens_segs<0>     |    9.099|
tens<1>        |tens_segs<1>     |    8.798|
tens<1>        |tens_segs<2>     |    8.814|
tens<1>        |tens_segs<3>     |    8.917|
tens<1>        |tens_segs<4>     |    9.282|
tens<1>        |tens_segs<5>     |    9.255|
tens<1>        |tens_segs<6>     |    9.156|
tens<2>        |tens_segs<0>     |    8.689|
tens<2>        |tens_segs<1>     |    8.463|
tens<2>        |tens_segs<2>     |    8.348|
tens<2>        |tens_segs<3>     |    8.582|
tens<2>        |tens_segs<4>     |    8.555|
tens<2>        |tens_segs<5>     |    8.845|
tens<2>        |tens_segs<6>     |    8.690|
tens<3>        |tens_segs<0>     |    8.682|
tens<3>        |tens_segs<1>     |    8.320|
tens<3>        |tens_segs<2>     |    9.269|
tens<3>        |tens_segs<3>     |    8.439|
tens<3>        |tens_segs<4>     |    9.449|
tens<3>        |tens_segs<5>     |    8.838|
tens<3>        |tens_segs<6>     |    9.611|
thousands<0>   |thousands_segs<0>|    9.015|
thousands<0>   |thousands_segs<1>|    8.707|
thousands<0>   |thousands_segs<2>|    8.766|
thousands<0>   |thousands_segs<3>|    8.956|
thousands<0>   |thousands_segs<4>|    8.887|
thousands<0>   |thousands_segs<5>|    8.852|
thousands<0>   |thousands_segs<6>|    8.688|
thousands<1>   |thousands_segs<0>|    8.873|
thousands<1>   |thousands_segs<1>|    9.049|
thousands<1>   |thousands_segs<2>|    9.200|
thousands<1>   |thousands_segs<3>|    9.298|
thousands<1>   |thousands_segs<4>|    8.850|
thousands<1>   |thousands_segs<5>|    8.710|
thousands<1>   |thousands_segs<6>|    9.122|
thousands<2>   |thousands_segs<0>|    8.510|
thousands<2>   |thousands_segs<1>|    8.444|
thousands<2>   |thousands_segs<2>|    8.871|
thousands<2>   |thousands_segs<3>|    8.693|
thousands<2>   |thousands_segs<4>|    8.465|
thousands<2>   |thousands_segs<5>|    8.347|
thousands<2>   |thousands_segs<6>|    8.793|
thousands<3>   |thousands_segs<0>|    8.578|
thousands<3>   |thousands_segs<1>|    8.472|
thousands<3>   |thousands_segs<2>|    8.561|
thousands<3>   |thousands_segs<3>|    8.721|
thousands<3>   |thousands_segs<4>|    8.573|
thousands<3>   |thousands_segs<5>|    8.415|
thousands<3>   |thousands_segs<6>|    8.483|
---------------+-----------------+---------+


Analysis completed Tue Nov 28 10:18:37 2017 
--------------------------------------------------------------------------------

Trace Settings:
-------------------------
Trace Settings 

Peak Memory Usage: 174 MB



